[    0.000000] microcode: microcode updated early to revision 0xf2, date = 2023-01-12
[    0.000000] Linux version 6.1.31-gentoo (root@gentoo) (gcc (Gentoo 12.2.1_p20230428-r1 p2) 12.2.1 20230428, GNU ld (Gentoo 2.39 p6) 2.39.0) #1 SMP PREEMPT_DYNAMIC Tue May 30 20:27:48 CDT 2023
[    0.000000] Command line: BOOT_IMAGE=/vmlinuz-6.1.31-gentoo root=UUID=faad532c-b28a-4c5b-aa3e-b7efc4f06509 ro
[    0.000000] x86/fpu: Supporting XSAVE feature 0x001: 'x87 floating point registers'
[    0.000000] x86/fpu: Supporting XSAVE feature 0x002: 'SSE registers'
[    0.000000] x86/fpu: Supporting XSAVE feature 0x004: 'AVX registers'
[    0.000000] x86/fpu: Supporting XSAVE feature 0x008: 'MPX bounds registers'
[    0.000000] x86/fpu: Supporting XSAVE feature 0x010: 'MPX CSR'
[    0.000000] x86/fpu: xstate_offset[2]:  576, xstate_sizes[2]:  256
[    0.000000] x86/fpu: xstate_offset[3]:  832, xstate_sizes[3]:   64
[    0.000000] x86/fpu: xstate_offset[4]:  896, xstate_sizes[4]:   64
[    0.000000] x86/fpu: Enabled xstate features 0x1f, context size is 960 bytes, using 'compacted' format.
[    0.000000] signal: max sigframe size: 2032
[    0.000000] BIOS-provided physical RAM map:
[    0.000000] BIOS-e820: [mem 0x0000000000000000-0x000000000009efff] usable
[    0.000000] BIOS-e820: [mem 0x000000000009f000-0x00000000000fffff] reserved
[    0.000000] BIOS-e820: [mem 0x0000000000100000-0x000000004a8f5fff] usable
[    0.000000] BIOS-e820: [mem 0x000000004a8f6000-0x000000004a9c3fff] type 20
[    0.000000] BIOS-e820: [mem 0x000000004a9c4000-0x000000004fa2efff] reserved
[    0.000000] BIOS-e820: [mem 0x000000004fa2f000-0x000000004fca9fff] ACPI NVS
[    0.000000] BIOS-e820: [mem 0x000000004fcaa000-0x000000004fd0efff] ACPI data
[    0.000000] BIOS-e820: [mem 0x000000004fd0f000-0x000000004fd0ffff] usable
[    0.000000] BIOS-e820: [mem 0x000000004fd10000-0x0000000059ffffff] reserved
[    0.000000] BIOS-e820: [mem 0x00000000fe010000-0x00000000fe010fff] reserved
[    0.000000] BIOS-e820: [mem 0x0000000100000000-0x00000008a1ffffff] usable
[    0.000000] NX (Execute Disable) protection: active
[    0.000000] efi: EFI v2.60 by Lenovo
[    0.000000] efi: SMBIOS=0x4d3a1000 SMBIOS 3.0=0x4d394000 ACPI=0x4fd0e000 ACPI 2.0=0x4fd0e014 MEMATTR=0x44410018 ESRT=0x4b22a000 
[    0.000000] SMBIOS 3.1.1 present.
[    0.000000] DMI: LENOVO 20MAS2MJ06/20MAS2MJ06, BIOS N2CET65W (1.48 ) 08/01/2022
[    0.000000] tsc: Detected 2600.000 MHz processor
[    0.000000] tsc: Detected 2599.992 MHz TSC
[    0.000007] e820: update [mem 0x00000000-0x00000fff] usable ==> reserved
[    0.000010] e820: remove [mem 0x000a0000-0x000fffff] usable
[    0.000016] last_pfn = 0x8a2000 max_arch_pfn = 0x400000000
[    0.000144] x86/PAT: Configuration [0-7]: WB  WC  UC- UC  WB  WP  UC- WT  
[    0.000837] last_pfn = 0x4fd10 max_arch_pfn = 0x400000000
[    0.008803] esrt: Reserving ESRT space from 0x000000004b22a000 to 0x000000004b22a088.
[    0.008810] Using GB pages for direct mapping
[    0.009034] Secure boot disabled
[    0.009035] RAMDISK: [mem 0x30d35000-0x34691fff]
[    0.009046] ACPI: Early table checksum verification disabled
[    0.009049] ACPI: RSDP 0x000000004FD0E014 000024 (v02 LENOVO)
[    0.009053] ACPI: XSDT 0x000000004FD0C188 000114 (v01 LENOVO TP-N2C   00001480 PTEC 00000002)
[    0.009058] ACPI: FACP 0x000000004D24E000 000114 (v06 LENOVO TP-N2C   00001480 PTEC 00000002)
[    0.009063] ACPI: DSDT 0x000000004D21B000 02E277 (v02 LENOVO CFL      20170001 INTL 20160422)
[    0.009066] ACPI: FACS 0x000000004FAEB000 000040
[    0.009069] ACPI: SSDT 0x000000004D2A6000 0017DF (v02 LENOVO CpuSsdt  00003000 INTL 20160527)
[    0.009072] ACPI: SSDT 0x000000004D2A5000 00056D (v02 LENOVO CtdpB    00001000 INTL 20160527)
[    0.009074] ACPI: SSDT 0x000000004D26B000 004310 (v02 LENOVO DptfTabl 00001000 INTL 20160527)
[    0.009077] ACPI: SSDT 0x000000004D255000 003189 (v02 LENOVO SaSsdt   00003000 INTL 20160527)
[    0.009080] ACPI: SSDT 0x000000004D252000 002A8B (v02 LENOVO PegSsdt  00001000 INTL 20160527)
[    0.009082] ACPI: UEFI 0x000000004FB0C000 000042 (v01 LENOVO TP-N2C   00001480 PTEC 00000002)
[    0.009085] ACPI: SSDT 0x000000004D24F000 000530 (v02 LENOVO PerfTune 00001000 INTL 20160527)
[    0.009088] ACPI: HPET 0x000000004D24D000 000038 (v01 LENOVO TP-N2C   00001480 PTEC 00000002)
[    0.009090] ACPI: APIC 0x000000004D24C000 00012C (v03 LENOVO TP-N2C   00001480 PTEC 00000002)
[    0.009093] ACPI: MCFG 0x000000004D24B000 00003C (v01 LENOVO TP-N2C   00001480 PTEC 00000002)
[    0.009096] ACPI: ECDT 0x000000004D24A000 000053 (v01 LENOVO TP-N2C   00001480 PTEC 00000002)
[    0.009098] ACPI: SSDT 0x000000004D219000 001A92 (v02 LENOVO ProjSsdt 00000010 INTL 20160527)
[    0.009101] ACPI: NHLT 0x000000004D217000 001771 (v00 LENOVO TP-N2C   00001480 PTEC 00000002)
[    0.009104] ACPI: BOOT 0x000000004D216000 000028 (v01 LENOVO TP-N2C   00001480 PTEC 00000002)
[    0.009106] ACPI: SLIC 0x000000004D215000 000176 (v01 LENOVO TP-N2C   00001480 PTEC 00000002)
[    0.009109] ACPI: SSDT 0x000000004D214000 000FA2 (v02 LENOVO UsbCTabl 00001000 INTL 20160527)
[    0.009112] ACPI: LPIT 0x000000004D213000 00005C (v01 LENOVO TP-N2C   00001480 PTEC 00000002)
[    0.009114] ACPI: WSMT 0x000000004D212000 000028 (v01 LENOVO TP-N2C   00001480 PTEC 00000002)
[    0.009117] ACPI: SSDT 0x000000004D210000 00149F (v02 LENOVO TbtTypeC 00000000 INTL 20160527)
[    0.009120] ACPI: DBGP 0x000000004D20F000 000034 (v01 LENOVO TP-N2C   00001480 PTEC 00000002)
[    0.009122] ACPI: DBG2 0x000000004D20E000 000054 (v00 LENOVO TP-N2C   00001480 PTEC 00000002)
[    0.009125] ACPI: MSDM 0x000000004D20D000 000055 (v03 LENOVO TP-N2C   00001480 PTEC 00000002)
[    0.009127] ACPI: BATB 0x000000004D02F000 00004A (v02 LENOVO TP-N2C   00001480 PTEC 00000002)
[    0.009130] ACPI: DMAR 0x000000004B22C000 000090 (v01 LENOVO TP-N2C   00001480 PTEC 00000002)
[    0.009133] ACPI: ASF! 0x000000004D030000 000074 (v32 LENOVO TP-N2C   00001480 PTEC 00000002)
[    0.009135] ACPI: FPDT 0x000000004B229000 000034 (v01 LENOVO TP-N2C   00001480 PTEC 00000002)
[    0.009138] ACPI: BGRT 0x000000004B228000 000038 (v01 LENOVO TP-N2C   00001480 PTEC 00000002)
[    0.009141] ACPI: UEFI 0x000000004FAE8000 00012A (v01 LENOVO TP-N2C   00001480 PTEC 00000002)
[    0.009143] ACPI: SSDT 0x000000004B226000 001B28 (v01 LENOVO NvOptTbl 00001000 INTL 20160527)
[    0.009145] ACPI: Reserving FACP table memory at [mem 0x4d24e000-0x4d24e113]
[    0.009147] ACPI: Reserving DSDT table memory at [mem 0x4d21b000-0x4d249276]
[    0.009148] ACPI: Reserving FACS table memory at [mem 0x4faeb000-0x4faeb03f]
[    0.009149] ACPI: Reserving SSDT table memory at [mem 0x4d2a6000-0x4d2a77de]
[    0.009150] ACPI: Reserving SSDT table memory at [mem 0x4d2a5000-0x4d2a556c]
[    0.009150] ACPI: Reserving SSDT table memory at [mem 0x4d26b000-0x4d26f30f]
[    0.009151] ACPI: Reserving SSDT table memory at [mem 0x4d255000-0x4d258188]
[    0.009152] ACPI: Reserving SSDT table memory at [mem 0x4d252000-0x4d254a8a]
[    0.009153] ACPI: Reserving UEFI table memory at [mem 0x4fb0c000-0x4fb0c041]
[    0.009154] ACPI: Reserving SSDT table memory at [mem 0x4d24f000-0x4d24f52f]
[    0.009155] ACPI: Reserving HPET table memory at [mem 0x4d24d000-0x4d24d037]
[    0.009156] ACPI: Reserving APIC table memory at [mem 0x4d24c000-0x4d24c12b]
[    0.009156] ACPI: Reserving MCFG table memory at [mem 0x4d24b000-0x4d24b03b]
[    0.009157] ACPI: Reserving ECDT table memory at [mem 0x4d24a000-0x4d24a052]
[    0.009158] ACPI: Reserving SSDT table memory at [mem 0x4d219000-0x4d21aa91]
[    0.009159] ACPI: Reserving NHLT table memory at [mem 0x4d217000-0x4d218770]
[    0.009160] ACPI: Reserving BOOT table memory at [mem 0x4d216000-0x4d216027]
[    0.009161] ACPI: Reserving SLIC table memory at [mem 0x4d215000-0x4d215175]
[    0.009162] ACPI: Reserving SSDT table memory at [mem 0x4d214000-0x4d214fa1]
[    0.009162] ACPI: Reserving LPIT table memory at [mem 0x4d213000-0x4d21305b]
[    0.009163] ACPI: Reserving WSMT table memory at [mem 0x4d212000-0x4d212027]
[    0.009164] ACPI: Reserving SSDT table memory at [mem 0x4d210000-0x4d21149e]
[    0.009165] ACPI: Reserving DBGP table memory at [mem 0x4d20f000-0x4d20f033]
[    0.009166] ACPI: Reserving DBG2 table memory at [mem 0x4d20e000-0x4d20e053]
[    0.009167] ACPI: Reserving MSDM table memory at [mem 0x4d20d000-0x4d20d054]
[    0.009168] ACPI: Reserving BATB table memory at [mem 0x4d02f000-0x4d02f049]
[    0.009169] ACPI: Reserving DMAR table memory at [mem 0x4b22c000-0x4b22c08f]
[    0.009170] ACPI: Reserving ASF! table memory at [mem 0x4d030000-0x4d030073]
[    0.009170] ACPI: Reserving FPDT table memory at [mem 0x4b229000-0x4b229033]
[    0.009171] ACPI: Reserving BGRT table memory at [mem 0x4b228000-0x4b228037]
[    0.009172] ACPI: Reserving UEFI table memory at [mem 0x4fae8000-0x4fae8129]
[    0.009173] ACPI: Reserving SSDT table memory at [mem 0x4b226000-0x4b227b27]
[    0.009194] No NUMA configuration found
[    0.009195] Faking a node at [mem 0x0000000000000000-0x00000008a1ffffff]
[    0.009199] NODE_DATA(0) allocated [mem 0x8a1ffa000-0x8a1ffdfff]
[    0.009238] Zone ranges:
[    0.009239]   DMA      [mem 0x0000000000001000-0x0000000000ffffff]
[    0.009241]   DMA32    [mem 0x0000000001000000-0x00000000ffffffff]
[    0.009243]   Normal   [mem 0x0000000100000000-0x00000008a1ffffff]
[    0.009244] Movable zone start for each node
[    0.009245] Early memory node ranges
[    0.009245]   node   0: [mem 0x0000000000001000-0x000000000009efff]
[    0.009247]   node   0: [mem 0x0000000000100000-0x000000004a8f5fff]
[    0.009248]   node   0: [mem 0x000000004fd0f000-0x000000004fd0ffff]
[    0.009249]   node   0: [mem 0x0000000100000000-0x00000008a1ffffff]
[    0.009253] Initmem setup node 0 [mem 0x0000000000001000-0x00000008a1ffffff]
[    0.009257] On node 0, zone DMA: 1 pages in unavailable ranges
[    0.009279] On node 0, zone DMA: 97 pages in unavailable ranges
[    0.011099] On node 0, zone DMA32: 21529 pages in unavailable ranges
[    0.052937] On node 0, zone Normal: 752 pages in unavailable ranges
[    0.053225] On node 0, zone Normal: 24576 pages in unavailable ranges
[    0.053517] ACPI: PM-Timer IO Port: 0x1808
[    0.053523] ACPI: LAPIC_NMI (acpi_id[0x01] high edge lint[0x1])
[    0.053525] ACPI: LAPIC_NMI (acpi_id[0x02] high edge lint[0x1])
[    0.053526] ACPI: LAPIC_NMI (acpi_id[0x03] high edge lint[0x1])
[    0.053527] ACPI: LAPIC_NMI (acpi_id[0x04] high edge lint[0x1])
[    0.053527] ACPI: LAPIC_NMI (acpi_id[0x05] high edge lint[0x1])
[    0.053528] ACPI: LAPIC_NMI (acpi_id[0x06] high edge lint[0x1])
[    0.053529] ACPI: LAPIC_NMI (acpi_id[0x07] high edge lint[0x1])
[    0.053529] ACPI: LAPIC_NMI (acpi_id[0x08] high edge lint[0x1])
[    0.053530] ACPI: LAPIC_NMI (acpi_id[0x09] high edge lint[0x1])
[    0.053531] ACPI: LAPIC_NMI (acpi_id[0x0a] high edge lint[0x1])
[    0.053531] ACPI: LAPIC_NMI (acpi_id[0x0b] high edge lint[0x1])
[    0.053532] ACPI: LAPIC_NMI (acpi_id[0x0c] high edge lint[0x1])
[    0.053533] ACPI: LAPIC_NMI (acpi_id[0x0d] high edge lint[0x1])
[    0.053534] ACPI: LAPIC_NMI (acpi_id[0x0e] high edge lint[0x1])
[    0.053534] ACPI: LAPIC_NMI (acpi_id[0x0f] high edge lint[0x1])
[    0.053535] ACPI: LAPIC_NMI (acpi_id[0x10] high edge lint[0x1])
[    0.053568] IOAPIC[0]: apic_id 2, version 32, address 0xfec00000, GSI 0-119
[    0.053571] ACPI: INT_SRC_OVR (bus 0 bus_irq 0 global_irq 2 dfl dfl)
[    0.053573] ACPI: INT_SRC_OVR (bus 0 bus_irq 9 global_irq 9 high level)
[    0.053577] ACPI: Using ACPI (MADT) for SMP configuration information
[    0.053578] ACPI: HPET id: 0x8086a201 base: 0xfed00000
[    0.053584] e820: update [mem 0x43a99000-0x43b29fff] usable ==> reserved
[    0.053593] TSC deadline timer available
[    0.053594] smpboot: Allowing 12 CPUs, 0 hotplug CPUs
[    0.053607] PM: hibernation: Registered nosave memory: [mem 0x00000000-0x00000fff]
[    0.053609] PM: hibernation: Registered nosave memory: [mem 0x0009f000-0x000fffff]
[    0.053610] PM: hibernation: Registered nosave memory: [mem 0x43a99000-0x43b29fff]
[    0.053612] PM: hibernation: Registered nosave memory: [mem 0x4a8f6000-0x4a9c3fff]
[    0.053613] PM: hibernation: Registered nosave memory: [mem 0x4a9c4000-0x4fa2efff]
[    0.053613] PM: hibernation: Registered nosave memory: [mem 0x4fa2f000-0x4fca9fff]
[    0.053614] PM: hibernation: Registered nosave memory: [mem 0x4fcaa000-0x4fd0efff]
[    0.053616] PM: hibernation: Registered nosave memory: [mem 0x4fd10000-0x59ffffff]
[    0.053616] PM: hibernation: Registered nosave memory: [mem 0x5a000000-0xfe00ffff]
[    0.053617] PM: hibernation: Registered nosave memory: [mem 0xfe010000-0xfe010fff]
[    0.053618] PM: hibernation: Registered nosave memory: [mem 0xfe011000-0xffffffff]
[    0.053620] [mem 0x5a000000-0xfe00ffff] available for PCI devices
[    0.053622] clocksource: refined-jiffies: mask: 0xffffffff max_cycles: 0xffffffff, max_idle_ns: 1910969940391419 ns
[    0.060877] setup_percpu: NR_CPUS:64 nr_cpumask_bits:12 nr_cpu_ids:12 nr_node_ids:1
[    0.061181] percpu: Embedded 52 pages/cpu s175720 r8192 d29080 u262144
[    0.061188] pcpu-alloc: s175720 r8192 d29080 u262144 alloc=1*2097152
[    0.061191] pcpu-alloc: [0] 00 01 02 03 04 05 06 07 [0] 08 09 10 11 -- -- -- -- 
[    0.061215] Fallback order for Node 0: 0 
[    0.061218] Built 1 zonelists, mobility grouping on.  Total pages: 8178899
[    0.061219] Policy zone: Normal
[    0.061220] Kernel command line: BOOT_IMAGE=/vmlinuz-6.1.31-gentoo root=UUID=faad532c-b28a-4c5b-aa3e-b7efc4f06509 ro
[    0.061258] Unknown kernel command line parameters "BOOT_IMAGE=/vmlinuz-6.1.31-gentoo", will be passed to user space.
[    0.061300] random: crng init done
[    0.062990] Dentry cache hash table entries: 4194304 (order: 13, 33554432 bytes, linear)
[    0.063840] Inode-cache hash table entries: 2097152 (order: 12, 16777216 bytes, linear)
[    0.063953] mem auto-init: stack:all(zero), heap alloc:off, heap free:off
[    0.063958] software IO TLB: area num 16.
[    0.125591] Memory: 32455764K/33235540K available (18445K kernel code, 2880K rwdata, 5768K rodata, 1572K init, 1944K bss, 779516K reserved, 0K cma-reserved)
[    0.125641] SLUB: HWalign=64, Order=0-3, MinObjects=0, CPUs=12, Nodes=1
[    0.125650] Kernel/User page tables isolation: enabled
[    0.126783] Dynamic Preempt: voluntary
[    0.126819] rcu: Preemptible hierarchical RCU implementation.
[    0.126819] rcu: 	RCU event tracing is enabled.
[    0.126820] rcu: 	RCU restricting CPUs from NR_CPUS=64 to nr_cpu_ids=12.
[    0.126821] 	Trampoline variant of Tasks RCU enabled.
[    0.126822] rcu: RCU calculated value of scheduler-enlistment delay is 100 jiffies.
[    0.126823] rcu: Adjusting geometry for rcu_fanout_leaf=16, nr_cpu_ids=12
[    0.128620] NR_IRQS: 4352, nr_irqs: 2152, preallocated irqs: 16
[    0.128870] rcu: srcu_init: Setting srcu_struct sizes based on contention.
[    0.129096] Console: colour dummy device 80x25
[    0.129431] printk: console [tty0] enabled
[    0.129448] ACPI: Core revision 20220331
[    0.129691] hpet: HPET dysfunctional in PC10. Force disabled.
[    0.129694] APIC: Switch to symmetric I/O mode setup
[    0.129697] Switched APIC routing to physical flat.
[    0.134936] clocksource: tsc-early: mask: 0xffffffffffffffff max_cycles: 0x257a34a6eea, max_idle_ns: 440795264358 ns
[    0.134945] Calibrating delay loop (skipped), value calculated using timer frequency.. 5199.98 BogoMIPS (lpj=2599992)
[    0.134951] pid_max: default: 32768 minimum: 301
[    0.135942] LSM: Security Framework initializing
[    0.135942] SELinux:  Initializing.
[    0.135942] Mount-cache hash table entries: 65536 (order: 7, 524288 bytes, linear)
[    0.135942] Mountpoint-cache hash table entries: 65536 (order: 7, 524288 bytes, linear)
[    0.135942] CPU0: Thermal monitoring enabled (TM1)
[    0.135942] process: using mwait in idle threads
[    0.135942] Last level iTLB entries: 4KB 64, 2MB 8, 4MB 8
[    0.135942] Last level dTLB entries: 4KB 64, 2MB 0, 4MB 0, 1GB 4
[    0.135942] Spectre V1 : Mitigation: usercopy/swapgs barriers and __user pointer sanitization
[    0.135942] Spectre V2 : Mitigation: IBRS
[    0.135942] Spectre V2 : Spectre v2 / SpectreRSB mitigation: Filling RSB on context switch
[    0.135942] Spectre V2 : Spectre v2 / SpectreRSB : Filling RSB on VMEXIT
[    0.135942] RETBleed: Mitigation: IBRS
[    0.135942] Spectre V2 : mitigation: Enabling conditional Indirect Branch Prediction Barrier
[    0.135942] Spectre V2 : User space: Mitigation: STIBP via prctl
[    0.135942] Speculative Store Bypass: Mitigation: Speculative Store Bypass disabled via prctl
[    0.135942] MDS: Mitigation: Clear CPU buffers
[    0.135942] TAA: Mitigation: TSX disabled
[    0.135942] MMIO Stale Data: Mitigation: Clear CPU buffers
[    0.135942] SRBDS: Mitigation: Microcode
[    0.135942] Freeing SMP alternatives memory: 48K
[    0.135942] smpboot: CPU0: Intel(R) Core(TM) i7-8850H CPU @ 2.60GHz (family: 0x6, model: 0x9e, stepping: 0xa)
[    0.135942] cblist_init_generic: Setting adjustable number of callback queues.
[    0.135942] cblist_init_generic: Setting shift to 4 and lim to 1.
[    0.135942] Performance Events: PEBS fmt3+, Skylake events, 32-deep LBR, full-width counters, Intel PMU driver.
[    0.135942] ... version:                4
[    0.135942] ... bit width:              48
[    0.135942] ... generic registers:      4
[    0.135942] ... value mask:             0000ffffffffffff
[    0.135942] ... max period:             00007fffffffffff
[    0.135942] ... fixed-purpose events:   3
[    0.135942] ... event mask:             000000070000000f
[    0.135942] Estimated ratio of average max frequency by base frequency (times 1024): 1614
[    0.135942] rcu: Hierarchical SRCU implementation.
[    0.135942] rcu: 	Max phase no-delay instances is 400.
[    0.135942] smp: Bringing up secondary CPUs ...
[    0.135942] x86: Booting SMP configuration:
[    0.135942] .... node  #0, CPUs:        #1  #2  #3  #4  #5  #6
[    0.157050] MDS CPU bug present and SMT on, data leak possible. See https://www.kernel.org/doc/html/latest/admin-guide/hw-vuln/mds.html for more details.
[    0.157050] MMIO Stale Data CPU bug present and SMT on, data leak possible. See https://www.kernel.org/doc/html/latest/admin-guide/hw-vuln/processor_mmio_stale_data.html for more details.
[    0.157076]   #7  #8  #9 #10 #11
[    0.174242] smp: Brought up 1 node, 12 CPUs
[    0.174242] smpboot: Max logical packages: 1
[    0.174242] smpboot: Total of 12 processors activated (62399.80 BogoMIPS)
[    0.175977] devtmpfs: initialized
[    0.176152] ACPI: PM: Registering ACPI NVS region [mem 0x4fa2f000-0x4fca9fff] (2600960 bytes)
[    0.176152] clocksource: jiffies: mask: 0xffffffff max_cycles: 0xffffffff, max_idle_ns: 1911260446275000 ns
[    0.176152] futex hash table entries: 4096 (order: 6, 262144 bytes, linear)
[    0.176152] pinctrl core: initialized pinctrl subsystem
[    0.176331] PM: RTC time: 03:00:56, date: 2023-06-12
[    0.176420] NET: Registered PF_NETLINK/PF_ROUTE protocol family
[    0.176558] audit: initializing netlink subsys (disabled)
[    0.176953] audit: type=2000 audit(1686538855.042:1): state=initialized audit_enabled=0 res=1
[    0.177023] thermal_sys: Registered thermal governor 'step_wise'
[    0.177025] thermal_sys: Registered thermal governor 'user_space'
[    0.177041] cpuidle: using governor menu
[    0.177041] Simple Boot Flag at 0x47 set to 0x1
[    0.177041] ACPI FADT declares the system doesn't support PCIe ASPM, so disable it
[    0.177243] PCI: MMCONFIG for domain 0000 [bus 00-ff] at [mem 0xe0000000-0xefffffff] (base 0xe0000000)
[    0.177252] PCI: not using MMCONFIG
[    0.177257] PCI: Using configuration type 1 for base access
[    0.177679] ENERGY_PERF_BIAS: Set to 'normal', was 'performance'
[    0.181617] kprobes: kprobe jump-optimization is enabled. All kprobes are optimized if possible.
[    0.181617] HugeTLB: registered 2.00 MiB page size, pre-allocated 0 pages
[    0.181617] HugeTLB: 28 KiB vmemmap can be freed for a 2.00 MiB page
[    0.198832] raid6: avx2x4   gen() 25841 MB/s
[    0.215834] raid6: avx2x2   gen() 26087 MB/s
[    0.232838] raid6: avx2x1   gen() 20210 MB/s
[    0.232841] raid6: using algorithm avx2x2 gen() 26087 MB/s
[    0.249841] raid6: .... xor() 13899 MB/s, rmw enabled
[    0.249845] raid6: using avx2x2 recovery algorithm
[    0.249992] ACPI: Added _OSI(Module Device)
[    0.249997] ACPI: Added _OSI(Processor Device)
[    0.250000] ACPI: Added _OSI(3.0 _SCP Extensions)
[    0.250003] ACPI: Added _OSI(Processor Aggregator Device)
[    0.304969] ACPI: 11 ACPI AML tables successfully acquired and loaded
[    0.306982] ACPI: EC: EC started
[    0.306985] ACPI: EC: interrupt blocked
[    0.310111] ACPI: EC: EC_CMD/EC_SC=0x66, EC_DATA=0x62
[    0.310115] ACPI: EC: Boot ECDT EC used to handle transactions
[    0.312364] ACPI: [Firmware Bug]: BIOS _OSI(Linux) query ignored
[    0.331383] ACPI: Dynamic OEM Table Load:
[    0.331383] ACPI: SSDT 0xFFFF96D600A8C800 0006BD (v02 PmRef  Cpu0Ist  00003000 INTL 20160527)
[    0.333859] ACPI: \_SB_.PR00: _OSC native thermal LVT Acked
[    0.334992] ACPI: Dynamic OEM Table Load:
[    0.335004] ACPI: SSDT 0xFFFF96D600AA0000 000400 (v02 PmRef  Cpu0Cst  00003001 INTL 20160527)
[    0.337433] ACPI: Dynamic OEM Table Load:
[    0.337446] ACPI: SSDT 0xFFFF96D600A84000 000EF1 (v02 PmRef  ApIst    00003000 INTL 20160527)
[    0.340211] ACPI: Dynamic OEM Table Load:
[    0.340222] ACPI: SSDT 0xFFFF96D600AA0400 000317 (v02 PmRef  ApHwp    00003000 INTL 20160527)
[    0.342285] ACPI: Dynamic OEM Table Load:
[    0.342296] ACPI: SSDT 0xFFFF96D600AA0800 00030A (v02 PmRef  ApCst    00003000 INTL 20160527)
[    0.347778] ACPI: Interpreter enabled
[    0.347822] ACPI: PM: (supports S0 S3 S4 S5)
[    0.347825] ACPI: Using IOAPIC for interrupt routing
[    0.347861] PCI: MMCONFIG for domain 0000 [bus 00-ff] at [mem 0xe0000000-0xefffffff] (base 0xe0000000)
[    0.349139] PCI: MMCONFIG at [mem 0xe0000000-0xefffffff] reserved in ACPI motherboard resources
[    0.349160] PCI: Using host bridge windows from ACPI; if necessary, use "pci=nocrs" and report a bug
[    0.349165] PCI: Using E820 reservations for host bridge windows
[    0.349701] ACPI: Enabled 12 GPEs in block 00 to 7F
[    0.350673] ACPI: PM: Power Resource [PG00]
[    0.351750] ACPI: PM: Power Resource [PG01]
[    0.352176] ACPI: PM: Power Resource [PG02]
[    0.355115] ACPI: PM: Power Resource [PUBS]
[    0.359966] ACPI: PM: Power Resource [USBC]
[    0.368574] ACPI: PM: Power Resource [V0PR]
[    0.368776] ACPI: PM: Power Resource [V1PR]
[    0.369031] ACPI: PM: Power Resource [V2PR]
[    0.374392] ACPI: PM: Power Resource [WRST]
[    0.379104] ACPI: PCI Root Bridge [PCI0] (domain 0000 [bus 00-fe])
[    0.379115] acpi PNP0A08:00: _OSC: OS supports [ExtendedConfig ASPM ClockPM Segments MSI HPX-Type3]
[    0.380416] acpi PNP0A08:00: _OSC: OS now controls [PME PCIeCapability LTR]
[    0.380421] acpi PNP0A08:00: FADT indicates ASPM is unsupported, using BIOS configuration
[    0.381402] PCI host bridge to bus 0000:00
[    0.381407] pci_bus 0000:00: root bus resource [io  0x0000-0x0cf7 window]
[    0.381412] pci_bus 0000:00: root bus resource [io  0x0d00-0xffff window]
[    0.381416] pci_bus 0000:00: root bus resource [mem 0x000a0000-0x000bffff window]
[    0.381421] pci_bus 0000:00: root bus resource [mem 0x5a000000-0xdfffffff window]
[    0.381426] pci_bus 0000:00: root bus resource [mem 0x4000000000-0x7fffffffff window]
[    0.381430] pci_bus 0000:00: root bus resource [mem 0xfc800000-0xfe7fffff window]
[    0.381435] pci_bus 0000:00: root bus resource [bus 00-fe]
[    0.381469] pci 0000:00:00.0: [8086:3ec4] type 00 class 0x060000
[    0.381556] pci 0000:00:01.0: [8086:1901] type 01 class 0x060400
[    0.381605] pci 0000:00:01.0: PME# supported from D0 D3hot D3cold
[    0.382140] pci 0000:00:04.0: [8086:1903] type 00 class 0x118000
[    0.382152] pci 0000:00:04.0: reg 0x10: [mem 0x404a100000-0x404a107fff 64bit]
[    0.382497] pci 0000:00:08.0: [8086:1911] type 00 class 0x088000
[    0.382509] pci 0000:00:08.0: reg 0x10: [mem 0x404a118000-0x404a118fff 64bit]
[    0.382645] pci 0000:00:12.0: [8086:a379] type 00 class 0x118000
[    0.382664] pci 0000:00:12.0: reg 0x10: [mem 0x404a117000-0x404a117fff 64bit]
[    0.382835] pci 0000:00:14.0: [8086:a36d] type 00 class 0x0c0330
[    0.382854] pci 0000:00:14.0: reg 0x10: [mem 0xa4320000-0xa432ffff 64bit]
[    0.382992] pci 0000:00:14.0: PME# supported from D3hot D3cold
[    0.383511] pci 0000:00:14.2: [8086:a36f] type 00 class 0x050000
[    0.383531] pci 0000:00:14.2: reg 0x10: [mem 0x404a110000-0x404a111fff 64bit]
[    0.383545] pci 0000:00:14.2: reg 0x18: [mem 0x404a116000-0x404a116fff 64bit]
[    0.383695] pci 0000:00:14.3: [8086:a370] type 00 class 0x028000
[    0.383726] pci 0000:00:14.3: reg 0x10: [mem 0x404a10c000-0x404a10ffff 64bit]
[    0.383973] pci 0000:00:14.3: PME# supported from D0 D3hot D3cold
[    0.384237] pci 0000:00:15.0: [8086:a368] type 00 class 0x0c8000
[    0.384261] pci 0000:00:15.0: reg 0x10: [mem 0x404a115000-0x404a115fff 64bit]
[    0.384693] pci 0000:00:16.0: [8086:a360] type 00 class 0x078000
[    0.384716] pci 0000:00:16.0: reg 0x10: [mem 0x404a114000-0x404a114fff 64bit]
[    0.384796] pci 0000:00:16.0: PME# supported from D3hot
[    0.385166] pci 0000:00:16.3: [8086:a363] type 00 class 0x070002
[    0.385180] pci 0000:00:16.3: reg 0x10: [io  0x3048-0x304f]
[    0.385189] pci 0000:00:16.3: reg 0x14: [mem 0xa4335000-0xa4335fff]
[    0.385332] pci 0000:00:17.0: [8086:a353] type 00 class 0x010601
[    0.385348] pci 0000:00:17.0: reg 0x10: [mem 0xa4330000-0xa4331fff]
[    0.385358] pci 0000:00:17.0: reg 0x14: [mem 0xa4334000-0xa43340ff]
[    0.385367] pci 0000:00:17.0: reg 0x18: [io  0x3040-0x3047]
[    0.385377] pci 0000:00:17.0: reg 0x1c: [io  0x3050-0x3053]
[    0.385387] pci 0000:00:17.0: reg 0x20: [io  0x3020-0x303f]
[    0.385396] pci 0000:00:17.0: reg 0x24: [mem 0xa4333000-0xa43337ff]
[    0.385438] pci 0000:00:17.0: PME# supported from D3hot
[    0.385795] pci 0000:00:1c.0: [8086:a338] type 01 class 0x060400
[    0.385963] pci 0000:00:1c.0: PME# supported from D0 D3hot D3cold
[    0.386586] pci 0000:00:1c.7: [8086:a33f] type 01 class 0x060400
[    0.386674] pci 0000:00:1c.7: PME# supported from D0 D3hot D3cold
[    0.387321] pci 0000:00:1d.0: [8086:a330] type 01 class 0x060400
[    0.387409] pci 0000:00:1d.0: PME# supported from D0 D3hot D3cold
[    0.388108] pci 0000:00:1e.0: [8086:a328] type 00 class 0x078000
[    0.388133] pci 0000:00:1e.0: reg 0x10: [mem 0x404a113000-0x404a113fff 64bit]
[    0.388562] pci 0000:00:1f.0: [8086:a30e] type 00 class 0x060100
[    0.389160] pci 0000:00:1f.3: [8086:a348] type 00 class 0x040300
[    0.389196] pci 0000:00:1f.3: reg 0x10: [mem 0x404a108000-0x404a10bfff 64bit]
[    0.389237] pci 0000:00:1f.3: reg 0x20: [mem 0x404a000000-0x404a0fffff 64bit]
[    0.389321] pci 0000:00:1f.3: PME# supported from D3hot D3cold
[    0.389804] pci 0000:00:1f.4: [8086:a323] type 00 class 0x0c0500
[    0.389829] pci 0000:00:1f.4: reg 0x10: [mem 0x404a112000-0x404a1120ff 64bit]
[    0.389853] pci 0000:00:1f.4: reg 0x20: [io  0xefa0-0xefbf]
[    0.390246] pci 0000:00:1f.5: [8086:a324] type 00 class 0x0c8000
[    0.390264] pci 0000:00:1f.5: reg 0x10: [mem 0xfe010000-0xfe010fff]
[    0.390406] pci 0000:00:1f.6: [8086:15bb] type 00 class 0x020000
[    0.390439] pci 0000:00:1f.6: reg 0x10: [mem 0xa4300000-0xa431ffff]
[    0.390588] pci 0000:00:1f.6: PME# supported from D0 D3hot D3cold
[    0.390714] pci 0000:01:00.0: [10de:1cba] type 00 class 0x030000
[    0.390729] pci 0000:01:00.0: reg 0x10: [mem 0xa3000000-0xa3ffffff]
[    0.390742] pci 0000:01:00.0: reg 0x14: [mem 0x60000000-0x6fffffff 64bit pref]
[    0.390756] pci 0000:01:00.0: reg 0x1c: [mem 0x70000000-0x71ffffff 64bit pref]
[    0.390766] pci 0000:01:00.0: reg 0x24: [io  0x2000-0x207f]
[    0.390776] pci 0000:01:00.0: reg 0x30: [mem 0xfff80000-0xffffffff pref]
[    0.390799] pci 0000:01:00.0: BAR 1: assigned to efifb
[    0.390864] pci 0000:01:00.0: 32.000 Gb/s available PCIe bandwidth, limited by 2.5 GT/s PCIe x16 link at 0000:00:01.0 (capable of 126.016 Gb/s with 8.0 GT/s PCIe x16 link)
[    0.391148] pci 0000:01:00.1: [10de:0fb9] type 00 class 0x040300
[    0.391162] pci 0000:01:00.1: reg 0x10: [mem 0xa4000000-0xa4003fff]
[    0.391320] pci 0000:00:01.0: PCI bridge to [bus 01]
[    0.391326] pci 0000:00:01.0:   bridge window [io  0x2000-0x2fff]
[    0.391331] pci 0000:00:01.0:   bridge window [mem 0xa3000000-0xa40fffff]
[    0.391337] pci 0000:00:01.0:   bridge window [mem 0x60000000-0x71ffffff 64bit pref]
[    0.391387] pci 0000:00:1c.0: PCI bridge to [bus 04-6e]
[    0.391395] pci 0000:00:1c.0:   bridge window [mem 0x74000000-0xa20fffff]
[    0.391402] pci 0000:00:1c.0:   bridge window [mem 0x4000000000-0x4049ffffff 64bit pref]
[    0.391473] pci 0000:70:00.0: [10ec:525a] type 00 class 0xff0000
[    0.391501] pci 0000:70:00.0: reg 0x14: [mem 0xa4200000-0xa4200fff]
[    0.391624] pci 0000:70:00.0: supports D1 D2
[    0.391627] pci 0000:70:00.0: PME# supported from D1 D2 D3hot D3cold
[    0.391840] pci 0000:00:1c.7: PCI bridge to [bus 70]
[    0.391847] pci 0000:00:1c.7:   bridge window [mem 0xa4200000-0xa42fffff]
[    0.391970] pci 0000:71:00.0: [8086:f1a6] type 00 class 0x010802
[    0.391999] pci 0000:71:00.0: reg 0x10: [mem 0xa4100000-0xa4103fff 64bit]
[    0.392312] pci 0000:00:1d.0: PCI bridge to [bus 71]
[    0.392319] pci 0000:00:1d.0:   bridge window [mem 0xa4100000-0xa41fffff]
[    0.396220] ACPI: EC: interrupt unblocked
[    0.396225] ACPI: EC: event unblocked
[    0.396243] ACPI: EC: EC_CMD/EC_SC=0x66, EC_DATA=0x62
[    0.396246] ACPI: EC: GPE=0x16
[    0.396250] ACPI: \_SB_.PCI0.LPCB.EC__: Boot ECDT EC initialization complete
[    0.396254] ACPI: \_SB_.PCI0.LPCB.EC__: EC: Used to handle transactions and events
[    0.396346] iommu: Default domain type: Translated 
[    0.396350] iommu: DMA domain TLB invalidation policy: lazy mode 
[    0.396414] SCSI subsystem initialized
[    0.396423] libata version 3.00 loaded.
[    0.396423] ACPI: bus type USB registered
[    0.396423] usbcore: registered new interface driver usbfs
[    0.396423] usbcore: registered new interface driver hub
[    0.396423] usbcore: registered new device driver usb
[    0.396423] pps_core: LinuxPPS API ver. 1 registered
[    0.396423] pps_core: Software ver. 5.3.6 - Copyright 2005-2007 Rodolfo Giometti <giometti@linux.it>
[    0.396423] PTP clock support registered
[    0.396423] Registered efivars operations
[    0.396423] Advanced Linux Sound Architecture Driver Initialized.
[    0.396423] NetLabel: Initializing
[    0.396423] NetLabel:  domain hash size = 128
[    0.396423] NetLabel:  protocols = UNLABELED CIPSOv4 CALIPSO
[    0.396423] NetLabel:  unlabeled traffic allowed by default
[    0.396423] PCI: Using ACPI for IRQ routing
[    0.427128] PCI: pci_cache_line_size set to 64 bytes
[    0.427244] e820: reserve RAM buffer [mem 0x0009f000-0x0009ffff]
[    0.427247] e820: reserve RAM buffer [mem 0x43a99000-0x43ffffff]
[    0.427248] e820: reserve RAM buffer [mem 0x4a8f6000-0x4bffffff]
[    0.427250] e820: reserve RAM buffer [mem 0x4fd10000-0x4fffffff]
[    0.427251] e820: reserve RAM buffer [mem 0x8a2000000-0x8a3ffffff]
[    0.427268] pci 0000:01:00.0: vgaarb: setting as boot VGA device
[    0.427268] pci 0000:01:00.0: vgaarb: bridge control possible
[    0.427268] pci 0000:01:00.0: vgaarb: VGA device added: decodes=io+mem,owns=none,locks=none
[    0.427268] vgaarb: loaded
[    0.430943] clocksource: Switched to clocksource tsc-early
[    0.430955] VFS: Disk quotas dquot_6.6.0
[    0.430955] VFS: Dquot-cache hash table entries: 512 (order 0, 4096 bytes)
[    0.430955] pnp: PnP ACPI init
[    0.431182] system 00:00: [mem 0x40000000-0x403fffff] could not be reserved
[    0.431475] system 00:01: [io  0x1800-0x18fe] has been reserved
[    0.431481] system 00:01: [mem 0xfd000000-0xfd69ffff] has been reserved
[    0.431486] system 00:01: [mem 0xfd6c0000-0xfd6cffff] has been reserved
[    0.431490] system 00:01: [mem 0xfd6f0000-0xfdffffff] has been reserved
[    0.431495] system 00:01: [mem 0xfe000000-0xfe01ffff] could not be reserved
[    0.431499] system 00:01: [mem 0xfe200000-0xfe7fffff] has been reserved
[    0.431503] system 00:01: [mem 0xff000000-0xffffffff] has been reserved
[    0.431776] system 00:02: [io  0xff00-0xfffe] has been reserved
[    0.432527] system 00:03: [io  0x0680-0x069f] has been reserved
[    0.432533] system 00:03: [io  0x164e-0x164f] has been reserved
[    0.432651] system 00:05: [io  0x1854-0x1857] has been reserved
[    0.432773] system 00:08: [io  0x1800-0x189f] could not be reserved
[    0.432778] system 00:08: [io  0x0800-0x087f] has been reserved
[    0.432782] system 00:08: [io  0x0880-0x08ff] has been reserved
[    0.432786] system 00:08: [io  0x0900-0x097f] has been reserved
[    0.432791] system 00:08: [io  0x0980-0x09ff] has been reserved
[    0.432795] system 00:08: [io  0x0a00-0x0a7f] has been reserved
[    0.432799] system 00:08: [io  0x0a80-0x0aff] has been reserved
[    0.432803] system 00:08: [io  0x0b00-0x0b7f] has been reserved
[    0.432807] system 00:08: [io  0x0b80-0x0bff] has been reserved
[    0.432811] system 00:08: [io  0x15e0-0x15ef] has been reserved
[    0.432815] system 00:08: [io  0x1600-0x167f] could not be reserved
[    0.432819] system 00:08: [io  0x1640-0x165f] could not be reserved
[    0.432824] system 00:08: [mem 0xe0000000-0xefffffff] has been reserved
[    0.432828] system 00:08: [mem 0xfed10000-0xfed13fff] has been reserved
[    0.432832] system 00:08: [mem 0xfed18000-0xfed18fff] has been reserved
[    0.432837] system 00:08: [mem 0xfed19000-0xfed19fff] has been reserved
[    0.432841] system 00:08: [mem 0xfeb00000-0xfebfffff] has been reserved
[    0.432845] system 00:08: [mem 0xfed20000-0xfed3ffff] has been reserved
[    0.432849] system 00:08: [mem 0xfed90000-0xfed93fff] has been reserved
[    0.434710] system 00:0a: [mem 0xfed10000-0xfed17fff] could not be reserved
[    0.434717] system 00:0a: [mem 0xfed18000-0xfed18fff] has been reserved
[    0.434721] system 00:0a: [mem 0xfed19000-0xfed19fff] has been reserved
[    0.434726] system 00:0a: [mem 0xe0000000-0xefffffff] has been reserved
[    0.434730] system 00:0a: [mem 0xfed20000-0xfed3ffff] has been reserved
[    0.434734] system 00:0a: [mem 0xfed90000-0xfed93fff] has been reserved
[    0.434738] system 00:0a: [mem 0xfed45000-0xfed8ffff] has been reserved
[    0.434743] system 00:0a: [mem 0xfee00000-0xfeefffff] has been reserved
[    0.434999] system 00:0b: [mem 0x00000000-0x0009ffff] could not be reserved
[    0.435005] system 00:0b: [mem 0x000c0000-0x000c3fff] could not be reserved
[    0.435009] system 00:0b: [mem 0x000c8000-0x000cbfff] could not be reserved
[    0.435014] system 00:0b: [mem 0x000d0000-0x000d3fff] could not be reserved
[    0.435018] system 00:0b: [mem 0x000d8000-0x000dbfff] could not be reserved
[    0.435022] system 00:0b: [mem 0x000e0000-0x000e3fff] could not be reserved
[    0.435027] system 00:0b: [mem 0x000e8000-0x000ebfff] could not be reserved
[    0.435031] system 00:0b: [mem 0x000f0000-0x000fffff] could not be reserved
[    0.435035] system 00:0b: [mem 0x00100000-0x59ffffff] could not be reserved
[    0.435040] system 00:0b: [mem 0xfec00000-0xfed3ffff] could not be reserved
[    0.435044] system 00:0b: [mem 0xfed4c000-0xffffffff] could not be reserved
[    0.435182] pnp: PnP ACPI: found 12 devices
[    0.441154] clocksource: acpi_pm: mask: 0xffffff max_cycles: 0xffffff, max_idle_ns: 2085701024 ns
[    0.441189] NET: Registered PF_INET protocol family
[    0.441342] IP idents hash table entries: 262144 (order: 9, 2097152 bytes, linear)
[    0.444549] tcp_listen_portaddr_hash hash table entries: 16384 (order: 6, 262144 bytes, linear)
[    0.444579] Table-perturb hash table entries: 65536 (order: 6, 262144 bytes, linear)
[    0.444595] TCP established hash table entries: 262144 (order: 9, 2097152 bytes, linear)
[    0.444823] TCP bind hash table entries: 65536 (order: 9, 2097152 bytes, linear)
[    0.445102] TCP: Hash tables configured (established 262144 bind 65536)
[    0.445134] UDP hash table entries: 16384 (order: 7, 524288 bytes, linear)
[    0.445191] UDP-Lite hash table entries: 16384 (order: 7, 524288 bytes, linear)
[    0.445279] NET: Registered PF_UNIX/PF_LOCAL protocol family
[    0.445354] RPC: Registered named UNIX socket transport module.
[    0.445358] RPC: Registered udp transport module.
[    0.445361] RPC: Registered tcp transport module.
[    0.445364] RPC: Registered tcp NFSv4.1 backchannel transport module.
[    0.445640] pci 0000:01:00.0: can't claim BAR 6 [mem 0xfff80000-0xffffffff pref]: no compatible bridge window
[    0.445649] pci 0000:00:1c.0: bridge window [io  0x1000-0x0fff] to [bus 04-6e] add_size 1000
[    0.445661] pci 0000:00:1c.0: BAR 7: assigned [io  0x4000-0x4fff]
[    0.445667] pci 0000:01:00.0: BAR 6: assigned [mem 0xa4080000-0xa40fffff pref]
[    0.445673] pci 0000:00:01.0: PCI bridge to [bus 01]
[    0.445677] pci 0000:00:01.0:   bridge window [io  0x2000-0x2fff]
[    0.445683] pci 0000:00:01.0:   bridge window [mem 0xa3000000-0xa40fffff]
[    0.445688] pci 0000:00:01.0:   bridge window [mem 0x60000000-0x71ffffff 64bit pref]
[    0.445695] pci 0000:00:1c.0: PCI bridge to [bus 04-6e]
[    0.445704] pci 0000:00:1c.0:   bridge window [io  0x4000-0x4fff]
[    0.445710] pci 0000:00:1c.0:   bridge window [mem 0x74000000-0xa20fffff]
[    0.445716] pci 0000:00:1c.0:   bridge window [mem 0x4000000000-0x4049ffffff 64bit pref]
[    0.445724] pci 0000:00:1c.7: PCI bridge to [bus 70]
[    0.445730] pci 0000:00:1c.7:   bridge window [mem 0xa4200000-0xa42fffff]
[    0.445739] pci 0000:00:1d.0: PCI bridge to [bus 71]
[    0.445745] pci 0000:00:1d.0:   bridge window [mem 0xa4100000-0xa41fffff]
[    0.445754] pci_bus 0000:00: resource 4 [io  0x0000-0x0cf7 window]
[    0.445759] pci_bus 0000:00: resource 5 [io  0x0d00-0xffff window]
[    0.445763] pci_bus 0000:00: resource 6 [mem 0x000a0000-0x000bffff window]
[    0.445767] pci_bus 0000:00: resource 7 [mem 0x5a000000-0xdfffffff window]
[    0.445771] pci_bus 0000:00: resource 8 [mem 0x4000000000-0x7fffffffff window]
[    0.445776] pci_bus 0000:00: resource 9 [mem 0xfc800000-0xfe7fffff window]
[    0.445780] pci_bus 0000:01: resource 0 [io  0x2000-0x2fff]
[    0.445784] pci_bus 0000:01: resource 1 [mem 0xa3000000-0xa40fffff]
[    0.445788] pci_bus 0000:01: resource 2 [mem 0x60000000-0x71ffffff 64bit pref]
[    0.445792] pci_bus 0000:04: resource 0 [io  0x4000-0x4fff]
[    0.445796] pci_bus 0000:04: resource 1 [mem 0x74000000-0xa20fffff]
[    0.445800] pci_bus 0000:04: resource 2 [mem 0x4000000000-0x4049ffffff 64bit pref]
[    0.445805] pci_bus 0000:70: resource 1 [mem 0xa4200000-0xa42fffff]
[    0.445809] pci_bus 0000:71: resource 1 [mem 0xa4100000-0xa41fffff]
[    0.446318] pci 0000:01:00.1: extending delay after power-on from D3hot to 20 msec
[    0.446348] pci 0000:01:00.1: D0 power state depends on 0000:01:00.0
[    0.446371] PCI: CLS 0 bytes, default 64
[    0.446407] DMAR: Host address width 39
[    0.446410] DMAR: DRHD base: 0x000000fed91000 flags: 0x1
[    0.446420] DMAR: dmar0: reg_base_addr fed91000 ver 1:0 cap d2008c40660462 ecap f050da
[    0.446426] DMAR: RMRR base: 0x0000004f96c000 end: 0x0000004f98bfff
[    0.446431] DMAR: RMRR base: 0x0000004f99d000 end: 0x0000004fa1cfff
[    0.446442] PCI-DMA: Using software bounce buffering for IO (SWIOTLB)
[    0.446443] Unpacking initramfs...
[    0.446445] software IO TLB: mapped [mem 0x0000000045e13000-0x0000000049e13000] (64MB)
[    0.446565] RAPL PMU: API unit is 2^-32 Joules, 3 fixed counters, 655360 ms ovfl timer
[    0.446571] RAPL PMU: hw unit of domain pp0-core 2^-14 Joules
[    0.446574] RAPL PMU: hw unit of domain package 2^-14 Joules
[    0.446578] RAPL PMU: hw unit of domain dram 2^-14 Joules
[    0.446638] resource sanity check: requesting [mem 0xfed10000-0xfed15fff], which spans more than pnp 00:08 [mem 0xfed10000-0xfed13fff]
[    0.446646] caller snb_uncore_imc_init_box+0x7b/0xc0 mapping multiple BARs
[    0.448193] Initialise system trusted keyrings
[    0.448240] workingset: timestamp_bits=56 max_order=23 bucket_order=0
[    0.450334] NFS: Registering the id_resolver key type
[    0.450343] Key type id_resolver registered
[    0.450346] Key type id_legacy registered
[    0.450356] ntfs: driver 2.1.32 [Flags: R/W].
[    0.450400] ntfs3: Max link count 4000
[    0.450449] fuse: init (API version 7.37)
[    0.459700] NET: Registered PF_ALG protocol family
[    0.459710] xor: automatically using best checksumming function   avx       
[    0.459714] Key type asymmetric registered
[    0.459717] Asymmetric key parser 'x509' registered
[    0.670677] Freeing initrd memory: 58740K
[    0.671738] modprobe (91) used greatest stack depth: 13312 bytes left
[    0.672790] alg: self-tests for CTR-KDF (hmac(sha256)) passed
[    0.672813] Block layer SCSI generic (bsg) driver version 0.4 loaded (major 250)
[    0.672818] io scheduler mq-deadline registered
[    0.672822] io scheduler kyber registered
[    0.675373] pcieport 0000:00:01.0: PME: Signaling with IRQ 120
[    0.675631] pcieport 0000:00:1c.0: PME: Signaling with IRQ 121
[    0.675909] pcieport 0000:00:1c.7: PME: Signaling with IRQ 122
[    0.676174] pcieport 0000:00:1d.0: PME: Signaling with IRQ 123
[    0.677749] ACPI: AC: AC Adapter [AC] (on-line)
[    0.677842] input: Sleep Button as /devices/LNXSYSTM:00/LNXSYBUS:00/PNP0C0E:00/input/input0
[    0.677881] ACPI: button: Sleep Button [SLPB]
[    0.677934] input: Lid Switch as /devices/LNXSYSTM:00/LNXSYBUS:00/PNP0C0D:00/input/input1
[    0.677964] ACPI: button: Lid Switch [LID]
[    0.678001] input: Power Button as /devices/LNXSYSTM:00/LNXPWRBN:00/input/input2
[    0.678029] ACPI: button: Power Button [PWRF]
[    0.678071] ACPI: video: [Firmware Bug]: ACPI(PEGP) defines _DOD but not _DOS
[    0.678127] ACPI: video: Video Device [PEGP] (multi-head: yes  rom: yes  post: no)
[    0.678398] input: Video Bus as /devices/LNXSYSTM:00/LNXSYBUS:00/PNP0A08:00/device:00/LNXVIDEO:00/input/input3
[    0.683351] thermal LNXTHERM:00: registered as thermal_zone0
[    0.683357] ACPI: thermal: Thermal Zone [THM0] (57 C)
[    0.683521] Serial: 8250/16550 driver, 4 ports, IRQ sharing enabled
[    0.684258] serial 0000:00:16.3: enabling device (0000 -> 0003)
[    0.684577] 0000:00:16.3: ttyS0 at I/O 0x3048 (irq = 19, base_baud = 115200) is a 16550A
[    0.684834] hpet_acpi_add: no address or irqs in _CRS
[    0.684891] Non-volatile memory driver v1.3
[    0.685052] Linux agpgart interface v0.103
[    0.685302] ACPI: bus type drm_connector registered
[    0.689611] loop: module loaded
[    0.689883] nvme nvme0: pci function 0000:71:00.0
[    0.690647] ahci 0000:00:17.0: version 3.0
[    0.690914] ahci 0000:00:17.0: AHCI 0001.0301 32 slots 1 ports 6 Gbps 0x4 impl SATA mode
[    0.690922] ahci 0000:00:17.0: flags: 64bit ncq sntf pm clo only pio slum part ems deso sadm sds apst 
[    0.691661] scsi host0: ahci
[    0.692397] scsi host1: ahci
[    0.692754] scsi host2: ahci
[    0.692803] ata1: DUMMY
[    0.692806] ata2: DUMMY
[    0.692810] ata3: SATA max UDMA/133 abar m2048@0xa4333000 port 0xa4333200 irq 125
[    0.693135] e100: Intel(R) PRO/100 Network Driver
[    0.693140] e100: Copyright(c) 1999-2006 Intel Corporation
[    0.693155] e1000: Intel(R) PRO/1000 Network Driver
[    0.693158] e1000: Copyright (c) 1999-2006 Intel Corporation.
[    0.693175] e1000e: Intel(R) PRO/1000 Network Driver
[    0.693177] e1000e: Copyright(c) 1999 - 2015 Intel Corporation.
[    0.693203] e1000e 0000:00:1f.6: enabling device (0000 -> 0002)
[    0.693435] e1000e 0000:00:1f.6: Interrupt Throttling Rate (ints/sec) set to dynamic conservative mode
[    0.697301] nvme nvme0: 12/0/0 default/read/poll queues
[    0.724021] ACPI: battery: Slot [BAT0] (battery present)
[    0.765821] e1000e 0000:00:1f.6 0000:00:1f.6 (uninitialized): registered PHC clock
[    0.779703]  nvme0n1: p1 p2
[    0.829112] e1000e 0000:00:1f.6 eth0: (PCI Express:2.5GT/s:Width x1) 98:fa:9b:6a:5e:56
[    0.829123] e1000e 0000:00:1f.6 eth0: Intel(R) PRO/1000 Network Connection
[    0.829212] e1000e 0000:00:1f.6 eth0: MAC: 13, PHY: 12, PBA No: FFFFFF-0FF
[    0.829242] sky2: driver version 1.30
[    0.829677] xhci_hcd 0000:00:14.0: xHCI Host Controller
[    0.829793] xhci_hcd 0000:00:14.0: new USB bus registered, assigned bus number 1
[    0.830875] xhci_hcd 0000:00:14.0: hcc params 0x200077c1 hci version 0x110 quirks 0x0000000000009810
[    0.831135] xhci_hcd 0000:00:14.0: xHCI Host Controller
[    0.831238] xhci_hcd 0000:00:14.0: new USB bus registered, assigned bus number 2
[    0.831246] xhci_hcd 0000:00:14.0: Host supports USB 3.1 Enhanced SuperSpeed
[    0.831284] usb usb1: New USB device found, idVendor=1d6b, idProduct=0002, bcdDevice= 6.01
[    0.831291] usb usb1: New USB device strings: Mfr=3, Product=2, SerialNumber=1
[    0.831296] usb usb1: Product: xHCI Host Controller
[    0.831299] usb usb1: Manufacturer: Linux 6.1.31-gentoo xhci-hcd
[    0.831303] usb usb1: SerialNumber: 0000:00:14.0
[    0.831557] hub 1-0:1.0: USB hub found
[    0.831579] hub 1-0:1.0: 16 ports detected
[    0.833759] usb usb2: New USB device found, idVendor=1d6b, idProduct=0003, bcdDevice= 6.01
[    0.833766] usb usb2: New USB device strings: Mfr=3, Product=2, SerialNumber=1
[    0.833772] usb usb2: Product: xHCI Host Controller
[    0.833775] usb usb2: Manufacturer: Linux 6.1.31-gentoo xhci-hcd
[    0.833779] usb usb2: SerialNumber: 0000:00:14.0
[    0.833951] hub 2-0:1.0: USB hub found
[    0.833970] hub 2-0:1.0: 10 ports detected
[    0.834675] usb: port power management may be unreliable
[    0.835636] usbcore: registered new interface driver usblp
[    0.835654] usbcore: registered new interface driver usb-storage
[    0.835705] i8042: PNP: PS/2 Controller [PNP0303:KBD,PNP0f13:MOU] at 0x60,0x64 irq 1,12
[    0.837751] serio: i8042 KBD port at 0x60,0x64 irq 1
[    0.837758] serio: i8042 AUX port at 0x60,0x64 irq 12
[    0.838172] rtc_cmos 00:04: RTC can wake from S4
[    0.839295] rtc_cmos 00:04: registered as rtc0
[    0.839324] rtc_cmos 00:04: alarms up to one month, y3k, 242 bytes nvram
[    0.839417] i801_smbus 0000:00:1f.4: enabling device (0000 -> 0003)
[    0.839595] i801_smbus 0000:00:1f.4: SPD Write Disable is set
[    0.839689] i801_smbus 0000:00:1f.4: SMBus using PCI interrupt
[    0.839924] input: AT Translated Set 2 keyboard as /devices/platform/i8042/serio0/input/input4
[    0.840030] device-mapper: ioctl: 4.47.0-ioctl (2022-07-28) initialised: dm-devel@redhat.com
[    0.840041] intel_pstate: Intel P-state driver initializing
[    0.840837] intel_pstate: Disabling energy efficiency optimization
[    0.840840] intel_pstate: HWP enabled
[    0.840882] efifb: probing for efifb
[    0.840899] efifb: framebuffer at 0x60000000, using 8640k, total 8640k
[    0.840903] efifb: mode is 1920x1080x32, linelength=8192, pages=1
[    0.840906] efifb: scrolling: redraw
[    0.840908] efifb: Truecolor: size=8:8:8:8, shift=24:16:8:0
[    0.841807] i2c i2c-0: 2/4 memory slots populated (from DMI)
[    0.842461] i2c i2c-0: Successfully instantiated SPD at 0x50
[    0.843503] i2c i2c-0: Successfully instantiated SPD at 0x52
[    0.843761] Console: switching to colour frame buffer device 240x67
[    0.846572] fb0: EFI VGA frame buffer device
[    0.846625] hid: raw HID events driver (C) Jiri Kosina
[    0.846694] usbcore: registered new interface driver usbhid
[    0.846707] usbhid: USB HID core driver
[    0.847365] snd_hda_intel 0000:00:1f.3: enabling device (0000 -> 0002)
[    0.847583] modprobe (123) used greatest stack depth: 13256 bytes left
[    0.847677] snd_hda_intel 0000:01:00.1: enabling device (0000 -> 0002)
[    0.847727] snd_hda_intel 0000:01:00.1: Disabling MSI
[    0.847742] snd_hda_intel 0000:01:00.1: Handle vga_switcheroo audio client
[    0.847781] usbcore: registered new interface driver snd-usb-audio
[    0.848286] Initializing XFRM netlink socket
[    0.848302] NET: Registered PF_PACKET protocol family
[    0.848322] Key type dns_resolver registered
[    0.849115] microcode: sig=0x906ea, pf=0x20, revision=0xf2
[    0.849469] microcode: Microcode Update Driver: v2.2.
[    0.849472] IPI shorthand broadcast: enabled
[    0.849509] sched_clock: Marking stable (843144272, 5885355)->(871592484, -22562857)
[    0.849687] registered taskstats version 1
[    0.849698] Loading compiled-in X.509 certificates
[    0.849963] Btrfs loaded, crc32c=crc32c-generic, debug=on, assert=on, ref-verify=on, zoned=no, fsverity=no
[    0.849999] BTRFS: selftest: sectorsize: 4096  nodesize: 4096
[    0.850013] BTRFS: selftest: running btrfs free space cache tests
[    0.850028] BTRFS: selftest: running extent only tests
[    0.850043] BTRFS: selftest: running bitmap only tests
[    0.850059] BTRFS: selftest: running bitmap and extent tests
[    0.850076] BTRFS: selftest: running space stealing from bitmap to extent tests
[    0.850241] BTRFS: selftest: running bytes index tests
[    0.850261] BTRFS: selftest: running extent buffer operation tests
[    0.850275] BTRFS: selftest: running btrfs_split_item tests
[    0.850293] BTRFS: selftest: running extent I/O tests
[    0.850305] BTRFS: selftest: running find delalloc tests
[    0.858670] snd_hda_codec_realtek hdaudioC1D0: autoconfig for ALC285: line_outs=1 (0x14/0x0/0x0/0x0/0x0) type:speaker
[    0.858700] snd_hda_codec_realtek hdaudioC1D0:    speaker_outs=0 (0x0/0x0/0x0/0x0/0x0)
[    0.858721] snd_hda_codec_realtek hdaudioC1D0:    hp_outs=1 (0x21/0x0/0x0/0x0/0x0)
[    0.859324] snd_hda_codec_realtek hdaudioC1D0:    mono: mono_out=0x0
[    0.859919] snd_hda_codec_realtek hdaudioC1D0:    inputs:
[    0.860493] snd_hda_codec_realtek hdaudioC1D0:      Mic=0x19
[    0.861072] snd_hda_codec_realtek hdaudioC1D0:      Internal Mic=0x12
[    0.870386] input: HDA NVidia HDMI/DP,pcm=3 as /devices/pci0000:00/0000:00:01.0/0000:01:00.1/sound/card2/input8
[    0.870984] input: HDA NVidia HDMI/DP,pcm=7 as /devices/pci0000:00/0000:00:01.0/0000:01:00.1/sound/card2/input9
[    0.871564] input: HDA NVidia HDMI/DP,pcm=8 as /devices/pci0000:00/0000:00:01.0/0000:01:00.1/sound/card2/input10
[    0.872227] input: HDA NVidia HDMI/DP,pcm=9 as /devices/pci0000:00/0000:00:01.0/0000:01:00.1/sound/card2/input11
[    0.897091] BTRFS: selftest: running find_first_clear_extent_bit test
[    0.897623] BTRFS: selftest: running extent buffer bitmap tests
[    0.902649] BTRFS: selftest: running inode tests
[    0.903177] BTRFS: selftest: running btrfs_get_extent tests
[    0.903722] BTRFS: selftest: running hole first btrfs_get_extent test
[    0.904265] BTRFS: selftest: running outstanding_extents tests
[    0.904780] BTRFS: selftest: running qgroup tests
[    0.905279] BTRFS: selftest: running qgroup add/remove tests
[    0.905780] BTRFS: selftest: running qgroup multiple refs test
[    0.906283] BTRFS: selftest: running free space tree tests
[    0.917705] BTRFS: selftest: sectorsize: 4096  nodesize: 8192
[    0.918194] BTRFS: selftest: running btrfs free space cache tests
[    0.918683] BTRFS: selftest: running extent only tests
[    0.919167] BTRFS: selftest: running bitmap only tests
[    0.919646] BTRFS: selftest: running bitmap and extent tests
[    0.920125] BTRFS: selftest: running space stealing from bitmap to extent tests
[    0.920752] BTRFS: selftest: running bytes index tests
[    0.921273] BTRFS: selftest: running extent buffer operation tests
[    0.921750] BTRFS: selftest: running btrfs_split_item tests
[    0.922268] BTRFS: selftest: running extent I/O tests
[    0.922734] BTRFS: selftest: running find delalloc tests
[    0.965909] BTRFS: selftest: running find_first_clear_extent_bit test
[    0.966415] BTRFS: selftest: running extent buffer bitmap tests
[    0.981171] BTRFS: selftest: running inode tests
[    0.981624] BTRFS: selftest: running btrfs_get_extent tests
[    0.982091] BTRFS: selftest: running hole first btrfs_get_extent test
[    0.982540] BTRFS: selftest: running outstanding_extents tests
[    0.982993] BTRFS: selftest: running qgroup tests
[    0.983435] BTRFS: selftest: running qgroup add/remove tests
[    0.983877] BTRFS: selftest: running qgroup multiple refs test
[    0.984320] BTRFS: selftest: running free space tree tests
[    0.995598] BTRFS: selftest: sectorsize: 4096  nodesize: 16384
[    0.996028] BTRFS: selftest: running btrfs free space cache tests
[    0.996454] BTRFS: selftest: running extent only tests
[    0.996878] BTRFS: selftest: running bitmap only tests
[    0.997299] BTRFS: selftest: running bitmap and extent tests
[    0.997712] BTRFS: selftest: running space stealing from bitmap to extent tests
[    0.998273] BTRFS: selftest: running bytes index tests
[    0.998683] BTRFS: selftest: running extent buffer operation tests
[    0.999085] BTRFS: selftest: running btrfs_split_item tests
[    0.999476] BTRFS: selftest: running extent I/O tests
[    0.999856] BTRFS: selftest: running find delalloc tests
[    1.004697] ata3: SATA link up 6.0 Gbps (SStatus 133 SControl 300)
[    1.005491] ata3.00: ACPI cmd f5/00:00:00:00:00:a0(SECURITY FREEZE LOCK) filtered out
[    1.006039] ata3.00: ATA-10: SSDSC2KG960G8R, XCV1DL63, max UDMA/133
[    1.006914] ata3.00: 1875385008 sectors, multi 1: LBA48 NCQ (depth 32)
[    1.007322] ata3.00: Features: NCQ-prio
[    1.008055] ata3.00: ACPI cmd f5/00:00:00:00:00:a0(SECURITY FREEZE LOCK) filtered out
[    1.008879] ata3.00: configured for UDMA/133
[    1.009492] scsi 2:0:0:0: Direct-Access     ATA      SSDSC2KG960G8R   DL63 PQ: 0 ANSI: 5
[    1.010675] scsi 2:0:0:0: Attached scsi generic sg0 type 0
[    1.010902] sd 2:0:0:0: [sda] 1875385008 512-byte logical blocks: (960 GB/894 GiB)
[    1.011535] sd 2:0:0:0: [sda] 4096-byte physical blocks
[    1.012028] sd 2:0:0:0: [sda] Write Protect is off
[    1.012463] sd 2:0:0:0: [sda] Mode Sense: 00 3a 00 00
[    1.012554] sd 2:0:0:0: [sda] Write cache: enabled, read cache: enabled, doesn't support DPO or FUA
[    1.013203] sd 2:0:0:0: [sda] Preferred minimum I/O size 4096 bytes
[    1.014896]  sda: sda1
[    1.015375] sd 2:0:0:0: [sda] Attached SCSI disk
[    1.044578] BTRFS: selftest: running find_first_clear_extent_bit test
[    1.045025] BTRFS: selftest: running extent buffer bitmap tests
[    1.072688] BTRFS: selftest: running inode tests
[    1.072969] usb 1-1: new full-speed USB device number 2 using xhci_hcd
[    1.073137] BTRFS: selftest: running btrfs_get_extent tests
[    1.074050] BTRFS: selftest: running hole first btrfs_get_extent test
[    1.074502] BTRFS: selftest: running outstanding_extents tests
[    1.074963] BTRFS: selftest: running qgroup tests
[    1.075408] BTRFS: selftest: running qgroup add/remove tests
[    1.075859] BTRFS: selftest: running qgroup multiple refs test
[    1.076318] BTRFS: selftest: running free space tree tests
[    1.087673] BTRFS: selftest: sectorsize: 4096  nodesize: 32768
[    1.088125] BTRFS: selftest: running btrfs free space cache tests
[    1.088576] BTRFS: selftest: running extent only tests
[    1.089028] BTRFS: selftest: running bitmap only tests
[    1.089473] BTRFS: selftest: running bitmap and extent tests
[    1.089921] BTRFS: selftest: running space stealing from bitmap to extent tests
[    1.090526] BTRFS: selftest: running bytes index tests
[    1.090984] BTRFS: selftest: running extent buffer operation tests
[    1.091433] BTRFS: selftest: running btrfs_split_item tests
[    1.091883] BTRFS: selftest: running extent I/O tests
[    1.092330] BTRFS: selftest: running find delalloc tests
[    1.134495] BTRFS: selftest: running find_first_clear_extent_bit test
[    1.134948] BTRFS: selftest: running extent buffer bitmap tests
[    1.190683] BTRFS: selftest: running inode tests
[    1.191152] BTRFS: selftest: running btrfs_get_extent tests
[    1.191633] BTRFS: selftest: running hole first btrfs_get_extent test
[    1.192119] BTRFS: selftest: running outstanding_extents tests
[    1.192575] BTRFS: selftest: running qgroup tests
[    1.193052] BTRFS: selftest: running qgroup add/remove tests
[    1.193532] BTRFS: selftest: running qgroup multiple refs test
[    1.194009] BTRFS: selftest: running free space tree tests
[    1.205644] BTRFS: selftest: sectorsize: 4096  nodesize: 65536
[    1.206143] BTRFS: selftest: running btrfs free space cache tests
[    1.206606] BTRFS: selftest: running extent only tests
[    1.207087] BTRFS: selftest: running bitmap only tests
[    1.207531] BTRFS: selftest: running bitmap and extent tests
[    1.208010] BTRFS: selftest: running space stealing from bitmap to extent tests
[    1.208635] BTRFS: selftest: running bytes index tests
[    1.209107] BTRFS: selftest: running extent buffer operation tests
[    1.209556] BTRFS: selftest: running btrfs_split_item tests
[    1.210040] BTRFS: selftest: running extent I/O tests
[    1.210486] BTRFS: selftest: running find delalloc tests
[    1.253526] BTRFS: selftest: running find_first_clear_extent_bit test
[    1.254033] BTRFS: selftest: running extent buffer bitmap tests
[    1.365936] BTRFS: selftest: running inode tests
[    1.366379] BTRFS: selftest: running btrfs_get_extent tests
[    1.366870] BTRFS: selftest: running hole first btrfs_get_extent test
[    1.367315] BTRFS: selftest: running outstanding_extents tests
[    1.367750] BTRFS: selftest: running qgroup tests
[    1.368174] BTRFS: selftest: running qgroup add/remove tests
[    1.368597] BTRFS: selftest: running qgroup multiple refs test
[    1.369022] BTRFS: selftest: running free space tree tests
[    1.380434] BTRFS: selftest: running extent_map tests
[    1.380833] BTRFS: selftest: running rmap tests
[    1.382448] PM:   Magic number: 11:178:7
[    1.382900] printk: console [netcon0] enabled
[    1.383320] netconsole: network logging started
[    1.383728] cfg80211: Loading compiled-in X.509 certificates for regulatory database
[    1.385788] cfg80211: Loaded X.509 cert 'sforshee: 00b28ddf47aef9cea7'
[    1.386226] Loading firmware: regulatory.db
[    1.386619] platform regulatory.0: Direct firmware load for regulatory.db failed with error -2
[    1.386840] ALSA device list:
[    1.387060] cfg80211: failed to load regulatory.db
[    1.387859]   #0: Loopback 1
[    1.388400]   #2: HDA NVidia at 0xa4000000 irq 17
[    1.389051] Freeing unused kernel image (initmem) memory: 1572K
[    1.398026] Write protecting the kernel read-only data: 26624k
[    1.399012] Freeing unused kernel image (text/rodata gap) memory: 2032K
[    1.399698] Freeing unused kernel image (rodata/data gap) memory: 376K
[    1.400176] Run /init as init process
[    1.400597]   with arguments:
[    1.400597]     /init
[    1.400598]   with environment:
[    1.400599]     HOME=/
[    1.400599]     TERM=linux
[    1.400600]     BOOT_IMAGE=/vmlinuz-6.1.31-gentoo
[    1.414270] mount (179) used greatest stack depth: 13232 bytes left
[    1.432083] input: PS/2 Logitech Wheel Mouse as /devices/platform/i8042/serio1/input/input6
[    1.437763] dracut: Gentoo-2.13
[    1.446943] tsc: Refined TSC clocksource calibration: 2591.999 MHz
[    1.447589] clocksource: tsc: mask: 0xffffffffffffffff max_cycles: 0x255cb5c6a11, max_idle_ns: 440795249002 ns
[    1.448121] clocksource: Switched to clocksource tsc
[    1.493562] usb 1-1: New USB device found, idVendor=413c, idProduct=a503, bcdDevice= 1.10
[    1.494654] usb 1-1: New USB device strings: Mfr=1, Product=2, SerialNumber=0
[    1.495716] usb 1-1: Product: Dell AC511 USB SoundBar
[    1.496772] usb 1-1: Manufacturer: Dell
[    1.517848] input: HDA Digital PCBeep as /devices/pci0000:00/0000:00:1f.3/sound/card1/input7
[    1.519071] input: HDA Intel PCH Mic as /devices/pci0000:00/0000:00:1f.3/sound/card1/input12
[    1.520387] input: HDA Intel PCH Headphone as /devices/pci0000:00/0000:00:1f.3/sound/card1/input13
[    1.547915] input: Dell Dell AC511 USB SoundBar as /devices/pci0000:00/0000:00:14.0/usb1/1-1/1-1:1.3/0003:413C:A503.0001/input/input14
[    1.601323] hid-generic 0003:413C:A503.0001: input,hidraw0: USB HID v1.00 Device [Dell Dell AC511 USB SoundBar] on usb-0000:00:14.0-1/input3
[    1.715981] usb 1-8: new high-speed USB device number 3 using xhci_hcd
[    1.830405] udevadm (369) used greatest stack depth: 12984 bytes left
[    1.855417] usb 1-8: New USB device found, idVendor=5986, idProduct=2113, bcdDevice=54.22
[    1.856051] usb 1-8: New USB device strings: Mfr=1, Product=2, SerialNumber=0
[    1.856629] usb 1-8: Product: Integrated Camera
[    1.857246] usb 1-8: Manufacturer: SunplusIT Inc
[    1.917236] BTRFS: device fsid faad532c-b28a-4c5b-aa3e-b7efc4f06509 devid 1 transid 48458 /dev/nvme0n1p2 scanned by (udev-worker) (376)
[    1.974203] usb 1-9: new full-speed USB device number 4 using xhci_hcd
[    2.106080] usb 1-9: New USB device found, idVendor=06cb, idProduct=009a, bcdDevice= 1.64
[    2.107676] usb 1-9: New USB device strings: Mfr=0, Product=0, SerialNumber=1
[    2.109251] usb 1-9: SerialNumber: 1868a407842c
[    2.229203] usb 1-14: new full-speed USB device number 5 using xhci_hcd
[    2.359430] usb 1-14: New USB device found, idVendor=8087, idProduct=0aaa, bcdDevice= 0.02
[    2.361077] usb 1-14: New USB device strings: Mfr=0, Product=0, SerialNumber=0
[    2.458071] BTRFS info (device nvme0n1p2): using crc32c (crc32c-generic) checksum algorithm
[    2.459745] BTRFS info (device nvme0n1p2): using free space tree
[    2.483280] BTRFS info (device nvme0n1p2): enabling ssd optimizations
[    2.505069] dracut: Remounting /dev/disk/by-uuid/faad532c-b28a-4c5b-aa3e-b7efc4f06509 with -o noatime,ro
[    2.524964] dracut: Mounted root filesystem /dev/nvme0n1p2
[    2.649430] dracut: Switching root
[    2.718527] kbd_mode (574) used greatest stack depth: 12936 bytes left
[    2.747251] init-early.sh (573) used greatest stack depth: 12856 bytes left
[    4.605597] crda (1039) used greatest stack depth: 12696 bytes left
[    4.710442] thinkpad_acpi: ThinkPad ACPI Extras v0.26
[    4.710447] thinkpad_acpi: http://ibm-acpi.sf.net/
[    4.710449] thinkpad_acpi: ThinkPad BIOS N2CET65W (1.48 ), EC N2CHT26W
[    4.710450] thinkpad_acpi: Lenovo ThinkPad P52, model 20MAS2MJ06
[    4.710848] thinkpad_acpi: radio switch found; radios are enabled
[    4.712738] thinkpad_acpi: rfkill switch tpacpi_bluetooth_sw: radio is unblocked
[    4.728866] thinkpad_acpi: secondary fan control detected & enabled
[    4.731752] e1000e 0000:00:1f.6 enp0s31f6: renamed from eth0
[    4.732261] thinkpad_acpi: battery 1 registered (start 0, stop 100, behaviours: 0x7)
[    4.732282] ACPI: battery: new extension: ThinkPad Battery Extension
[    4.733280] input: ThinkPad Extra Buttons as /devices/platform/thinkpad_acpi/input/input15
[    4.945511] nvidia: loading out-of-tree module taints kernel.
[    4.945520] nvidia: module license 'NVIDIA' taints kernel.
[    4.945521] Disabling lock debugging due to kernel taint
[    4.973836] nvidia-nvlink: Nvlink Core is being initialized, major device number 243

[    4.975100] nvidia 0000:01:00.0: vgaarb: changed VGA decodes: olddecodes=io+mem,decodes=none:owns=none
[    5.175107] NVRM: loading NVIDIA UNIX x86_64 Kernel Module  525.116.04  Thu Apr 27 17:56:37 UTC 2023
[    5.257612] nvidia-modeset: Loading NVIDIA Kernel Mode Setting Driver for UNIX platforms  525.116.04  Thu Apr 27 17:57:02 UTC 2023
[    5.262357] [drm] [nvidia-drm] [GPU ID 0x00000100] Loading driver
[    5.262364] [drm] Initialized nvidia-drm 0.0.0 20160202 for 0000:01:00.0 on minor 0
[    5.824219] EXT4-fs (sda1): mounted filesystem with ordered data mode. Quota mode: none.
[    6.019852] find (1524) used greatest stack depth: 12616 bytes left
[    6.589952] elogind-daemon[1732]: New seat seat0.
[    6.594137] elogind-daemon[1732]: Watching system buttons on /dev/input/event2 (Power Button)
[    6.597739] elogind-daemon[1732]: Watching system buttons on /dev/input/event1 (Lid Switch)
[    6.598062] elogind-daemon[1732]: Watching system buttons on /dev/input/event0 (Sleep Button)
[    6.600632] elogind-daemon[1732]: Watching system buttons on /dev/input/event4 (AT Translated Set 2 keyboard)
[    6.601082] elogind-daemon[1732]: Watching system buttons on /dev/input/event14 (ThinkPad Extra Buttons)
[   10.821021] (udev-worker) (1068) used greatest stack depth: 12600 bytes left
[   12.824828] e1000e 0000:00:1f.6 enp0s31f6: NIC Link is Up 1000 Mbps Full Duplex, Flow Control: Rx/Tx
[   19.548185] ACPI Warning: \_SB.PCI0.PEG0.PEGP._DSM: Argument #4 type mismatch - Found [Buffer], ACPI requires [Package] (20220331/nsarguments-61)
[   20.213283] nvidia-modeset: WARNING: GPU:0: Chimei innolux corp. (DP-2): G-SYNC Compatible: EDID min refresh rate invalid, disabling G-SYNC Compatible.
[   20.476388] nvidia-modeset: WARNING: GPU:0: Chimei innolux corp. (DP-2): G-SYNC Compatible: EDID min refresh rate invalid, disabling G-SYNC Compatible.
[   21.436206] nvidia-modeset: WARNING: GPU:0: Chimei innolux corp. (DP-2): G-SYNC Compatible: EDID min refresh rate invalid, disabling G-SYNC Compatible.
[   21.911160] elogind-daemon[1732]: New session 1 of user root.
[   28.833545] elogind-daemon[1732]: Removed session 1.
[   28.853187] elogind-daemon[1732]: New session 2 of user myga.
[   29.115324] cc1 (2761) used greatest stack depth: 12152 bytes left
[   29.476730] nvidia-modeset: WARNING: GPU:0: Chimei innolux corp. (DP-2): G-SYNC Compatible: EDID min refresh rate invalid, disabling G-SYNC Compatible.
[ 2408.758794] elogind-daemon[1732]: Removed session 2.
[ 2409.079108] nvidia-modeset: WARNING: GPU:0: Chimei innolux corp. (DP-2): G-SYNC Compatible: EDID min refresh rate invalid, disabling G-SYNC Compatible.
[ 2409.117514] nvidia-modeset: WARNING: GPU:0: Chimei innolux corp. (DP-2): G-SYNC Compatible: EDID min refresh rate invalid, disabling G-SYNC Compatible.
[ 2410.046134] nvidia-modeset: WARNING: GPU:0: Chimei innolux corp. (DP-2): G-SYNC Compatible: EDID min refresh rate invalid, disabling G-SYNC Compatible.
[ 2410.076457] X (2500) used greatest stack depth: 11552 bytes left
[ 2410.378107] nvidia-modeset: WARNING: GPU:0: Chimei innolux corp. (DP-2): G-SYNC Compatible: EDID min refresh rate invalid, disabling G-SYNC Compatible.
[ 2410.630803] nvidia-modeset: WARNING: GPU:0: Chimei innolux corp. (DP-2): G-SYNC Compatible: EDID min refresh rate invalid, disabling G-SYNC Compatible.
[ 2411.590496] nvidia-modeset: WARNING: GPU:0: Chimei innolux corp. (DP-2): G-SYNC Compatible: EDID min refresh rate invalid, disabling G-SYNC Compatible.
[ 2411.752255] elogind-daemon[1732]: New session 3 of user root.
[ 3011.969491] nvidia-modeset: WARNING: GPU:0: Chimei innolux corp. (DP-2): G-SYNC Compatible: EDID min refresh rate invalid, disabling G-SYNC Compatible.
[ 6478.642482] elogind-daemon[1732]: Lid closed.
[ 6478.644886] elogind-daemon[1732]: Suspending...
[ 6478.648686] elogind-daemon[1732]: Suspending system...
[ 6478.648691] PM: suspend entry (deep)
[ 6478.715903] Filesystems sync: 0.067 seconds
[ 6479.120338] nvidia-modeset: WARNING: GPU:0: Chimei innolux corp. (DP-2): G-SYNC Compatible: EDID min refresh rate invalid, disabling G-SYNC Compatible.
[ 6479.456064] nvidia-modeset: WARNING: GPU:0: Chimei innolux corp. (DP-2): G-SYNC Compatible: EDID min refresh rate invalid, disabling G-SYNC Compatible.
[ 6479.460533] nvidia-modeset: WARNING: GPU:0: Chimei innolux corp. (DP-2): G-SYNC Compatible: EDID min refresh rate invalid, disabling G-SYNC Compatible.
[ 6480.375694] nvidia-modeset: WARNING: GPU:0: Chimei innolux corp. (DP-2): G-SYNC Compatible: EDID min refresh rate invalid, disabling G-SYNC Compatible.
[ 6480.382285] Freezing user space processes
[ 6480.383246] Freezing user space processes completed (elapsed 0.000 seconds)
[ 6480.383248] OOM killer disabled.
[ 6480.383249] Freezing remaining freezable tasks
[ 6480.384260] Freezing remaining freezable tasks completed (elapsed 0.001 seconds)
[ 6480.384274] printk: Suspending console(s) (use no_console_suspend to debug)
[ 6480.393344] sd 2:0:0:0: [sda] Synchronizing SCSI cache
[ 6480.393476] sd 2:0:0:0: [sda] Stopping disk
[ 6480.396955] e1000e: EEE TX LPI TIMER: 00000011
[ 6480.628073] nvidia-modeset: WARNING: GPU:0: Chimei innolux corp. (DP-2): G-SYNC Compatible: EDID min refresh rate invalid, disabling G-SYNC Compatible.
[ 6482.014107] ACPI: EC: interrupt blocked
[ 6482.084067] ACPI: PM: Preparing to enter system sleep state S3
[ 6482.091653] ACPI: EC: event blocked
[ 6482.091653] ACPI: EC: EC stopped
[ 6482.091654] ACPI: PM: Saving platform NVS memory
[ 6482.091671] Disabling non-boot CPUs ...
[ 6482.092988] smpboot: CPU 1 is now offline
[ 6482.094603] smpboot: CPU 2 is now offline
[ 6482.095960] smpboot: CPU 3 is now offline
[ 6482.097375] smpboot: CPU 4 is now offline
[ 6482.098705] smpboot: CPU 5 is now offline
[ 6482.100129] smpboot: CPU 6 is now offline
[ 6482.101527] smpboot: CPU 7 is now offline
[ 6482.102883] smpboot: CPU 8 is now offline
[ 6482.104231] smpboot: CPU 9 is now offline
[ 6482.105604] smpboot: CPU 10 is now offline
[ 6482.106927] smpboot: CPU 11 is now offline
[ 6482.116734] ACPI: PM: Low-level resume complete
[ 6482.116778] ACPI: EC: EC started
[ 6482.116778] ACPI: PM: Restoring platform NVS memory
[ 6482.117550] Enabling non-boot CPUs ...
[ 6482.117571] x86: Booting SMP configuration:
[ 6482.117572] smpboot: Booting Node 0 Processor 1 APIC 0x2
[ 6482.118209] CPU1 is up
[ 6482.118224] smpboot: Booting Node 0 Processor 2 APIC 0x4
[ 6482.118807] CPU2 is up
[ 6482.118821] smpboot: Booting Node 0 Processor 3 APIC 0x6
[ 6482.119407] CPU3 is up
[ 6482.119421] smpboot: Booting Node 0 Processor 4 APIC 0x8
[ 6482.120011] CPU4 is up
[ 6482.120023] smpboot: Booting Node 0 Processor 5 APIC 0xa
[ 6482.120629] CPU5 is up
[ 6482.120641] smpboot: Booting Node 0 Processor 6 APIC 0x1
[ 6482.121342] CPU6 is up
[ 6482.121357] smpboot: Booting Node 0 Processor 7 APIC 0x3
[ 6482.121865] CPU7 is up
[ 6482.121879] smpboot: Booting Node 0 Processor 8 APIC 0x5
[ 6482.122409] CPU8 is up
[ 6482.122422] smpboot: Booting Node 0 Processor 9 APIC 0x7
[ 6482.123050] CPU9 is up
[ 6482.123063] smpboot: Booting Node 0 Processor 10 APIC 0x9
[ 6482.123729] CPU10 is up
[ 6482.123743] smpboot: Booting Node 0 Processor 11 APIC 0xb
[ 6482.124409] CPU11 is up
[ 6482.126958] ACPI: PM: Waking up from system sleep state S3
[ 6482.146416] ACPI: EC: interrupt unblocked
[ 6483.382278] ACPI: EC: event unblocked
[ 6483.383654] sd 2:0:0:0: [sda] Starting disk
[ 6483.390310] nvme nvme0: 12/0/0 default/read/poll queues
[ 6483.666746] usb 1-14: reset full-speed USB device number 5 using xhci_hcd
[ 6483.842178] nvidia-modeset: WARNING: GPU:0: Chimei innolux corp. (DP-2): G-SYNC Compatible: EDID min refresh rate invalid, disabling G-SYNC Compatible.
[ 6483.906702] usb 1-8: reset high-speed USB device number 3 using xhci_hcd
[ 6484.021654] nvidia-modeset: WARNING: GPU:0: Chimei innolux corp. (DP-2): G-SYNC Compatible: EDID min refresh rate invalid, disabling G-SYNC Compatible.
[ 6485.093618] ata3: SATA link up 6.0 Gbps (SStatus 133 SControl 300)
[ 6485.096350] ata3.00: ACPI cmd f5/00:00:00:00:00:a0(SECURITY FREEZE LOCK) filtered out
[ 6485.184565] ata3.00: ACPI cmd f5/00:00:00:00:00:a0(SECURITY FREEZE LOCK) filtered out
[ 6485.185227] ata3.00: configured for UDMA/133
[ 6485.190771] OOM killer enabled.
[ 6485.190777] Restarting tasks ... 
[ 6485.190948] usb 1-9: USB disconnect, device number 4
[ 6485.191500] done.
[ 6485.191544] random: crng reseeded on system resumption
[ 6485.225679] PM: suspend exit
[ 6485.225693] elogind-daemon[1732]: System resumed.
[ 6485.226172] elogind-daemon[1732]: Lid opened.
[ 6485.227035] nvidia-modeset: WARNING: GPU:0: Chimei innolux corp. (DP-2): G-SYNC Compatible: EDID min refresh rate invalid, disabling G-SYNC Compatible.
[ 6485.305479] usb 1-9: new full-speed USB device number 6 using xhci_hcd
[ 6485.433098] usb 1-9: New USB device found, idVendor=06cb, idProduct=009a, bcdDevice= 1.64
[ 6485.433101] usb 1-9: New USB device strings: Mfr=0, Product=0, SerialNumber=1
[ 6485.433102] usb 1-9: SerialNumber: 1868a407842c
[ 6485.472847] nvidia-modeset: WARNING: GPU:0: Chimei innolux corp. (DP-2): G-SYNC Compatible: EDID min refresh rate invalid, disabling G-SYNC Compatible.
[ 6486.399925] nvidia-modeset: WARNING: GPU:0: Chimei innolux corp. (DP-2): G-SYNC Compatible: EDID min refresh rate invalid, disabling G-SYNC Compatible.
[ 6486.536412] e1000e 0000:00:1f.6 enp0s31f6: NIC Link is Up 1000 Mbps Full Duplex, Flow Control: Rx/Tx
[ 6492.230548] elogind-daemon[1732]: Removed session 3.
[ 6492.257545] elogind-daemon[1732]: New session 4 of user myga.
[ 6492.722238] nvidia-modeset: WARNING: GPU:0: Chimei innolux corp. (DP-2): G-SYNC Compatible: EDID min refresh rate invalid, disabling G-SYNC Compatible.
